Not searching for unused variables given on the command line.
[36m--[0m Using CATKIN_DEVEL_PREFIX: /home/norco/Desktop/lawnwomer_ws/build/rk3588_sdk/devel
[36m--[0m Using CMAKE_PREFIX_PATH: /home/norco/Desktop/lawnwomer_ws/devel;/opt/ros/noetic
[36m--[0m This workspace overlays: /home/norco/Desktop/lawnwomer_ws/devel;/opt/ros/noetic
[36m--[0m Found PythonInterp: /usr/bin/python3 (found suitable version "3.8.10", minimum required is "3")
[36m--[0m Using PYTHON_EXECUTABLE: /usr/bin/python3
[36m--[0m Using Debian Python package layout
[36m--[0m Using empy: /usr/lib/python3/dist-packages/em.py
[36m--[0m Using CATKIN_ENABLE_TESTING: ON
[36m--[0m Call enable_testing()
[36m--[0m Using CATKIN_TEST_RESULTS_DIR: /home/norco/Desktop/lawnwomer_ws/build/rk3588_sdk/test_results
[36m--[0m Forcing gtest/gmock from source, though one was otherwise available.
[36m--[0m Found gtest sources under '/usr/src/googletest': gtests will be built
[36m--[0m Found gmock sources under '/usr/src/googletest': gmock will be built
[36m--[0m Found PythonInterp: /usr/bin/python3 (found version "3.8.10")
[36m--[0m Using Python nosetests: /usr/bin/nosetests3
[36m--[0m catkin 0.8.12
[36m--[0m BUILD_SHARED_LIBS is on
[31m[1mCMake Error[0m at /opt/ros/noetic/share/catkin/cmake/custom_install.cmake:13 (_install):
  _install DIRECTORY given no DESTINATION!
[36mCall Stack (most recent call first):[0m
  CMakeLists.txt:45 (install)


[36m--[0m Configuring incomplete, errors occurred!
See also "/home/norco/Desktop/lawnwomer_ws/build/rk3588_sdk/CMakeFiles/CMakeOutput.log".
See also "/home/norco/Desktop/lawnwomer_ws/build/rk3588_sdk/CMakeFiles/CMakeError.log".
