Symlinking /home/norco/Desktop/lawnwomer_ws/devel/lib/libsource_lib.so
Symlinking /home/norco/Desktop/lawnwomer_ws/devel/lib/libhesai_sdk_lib.so
Symlinking /home/norco/Desktop/lawnwomer_ws/devel/lib/libplatutils_lib.so
Symlinking /home/norco/Desktop/lawnwomer_ws/devel/lib/liblog_lib.so
Symlinking /home/norco/Desktop/lawnwomer_ws/devel/lib/libudpParser_lib.so
Symlinking /home/norco/Desktop/lawnwomer_ws/devel/lib/libptcClient_lib.so
Symlinking /home/norco/Desktop/lawnwomer_ws/devel/lib/liblidar_lib.so
Symlinking /home/norco/Desktop/lawnwomer_ws/devel/lib/hesai_ros_driver/hesai_ros_driver_node
Symlinking /home/norco/Desktop/lawnwomer_ws/devel/lib/pkgconfig/hesai_ros_driver.pc
Symlinking /home/norco/Desktop/lawnwomer_ws/devel/lib/python3/dist-packages/hesai_ros_driver/__init__.py
Symlinking /home/norco/Desktop/lawnwomer_ws/devel/lib/python3/dist-packages/hesai_ros_driver/msg/_LossPacket.py
Symlinking /home/norco/Desktop/lawnwomer_ws/devel/lib/python3/dist-packages/hesai_ros_driver/msg/_Firetime.py
Symlinking /home/norco/Desktop/lawnwomer_ws/devel/lib/python3/dist-packages/hesai_ros_driver/msg/_Ptp.py
Symlinking /home/norco/Desktop/lawnwomer_ws/devel/lib/python3/dist-packages/hesai_ros_driver/msg/__init__.py
Symlinking /home/norco/Desktop/lawnwomer_ws/devel/lib/python3/dist-packages/hesai_ros_driver/msg/_UdpPacket.py
Symlinking /home/norco/Desktop/lawnwomer_ws/devel/lib/python3/dist-packages/hesai_ros_driver/msg/_UdpFrame.py
Symlinking /home/norco/Desktop/lawnwomer_ws/devel/share/hesai_ros_driver/cmake/hesai_ros_driverConfig-version.cmake
Symlinking /home/norco/Desktop/lawnwomer_ws/devel/share/hesai_ros_driver/cmake/hesai_ros_driver-msg-extras.cmake
Symlinking /home/norco/Desktop/lawnwomer_ws/devel/share/hesai_ros_driver/cmake/hesai_ros_driverConfig.cmake
Symlinking /home/norco/Desktop/lawnwomer_ws/devel/share/hesai_ros_driver/cmake/hesai_ros_driver-msg-paths.cmake
Symlinking /home/norco/Desktop/lawnwomer_ws/devel/share/common-lisp/ros/hesai_ros_driver/msg/UdpPacket.lisp
Symlinking /home/norco/Desktop/lawnwomer_ws/devel/share/common-lisp/ros/hesai_ros_driver/msg/Firetime.lisp
Symlinking /home/norco/Desktop/lawnwomer_ws/devel/share/common-lisp/ros/hesai_ros_driver/msg/_package_LossPacket.lisp
Symlinking /home/norco/Desktop/lawnwomer_ws/devel/share/common-lisp/ros/hesai_ros_driver/msg/_package_UdpFrame.lisp
Symlinking /home/norco/Desktop/lawnwomer_ws/devel/share/common-lisp/ros/hesai_ros_driver/msg/_package.lisp
Symlinking /home/norco/Desktop/lawnwomer_ws/devel/share/common-lisp/ros/hesai_ros_driver/msg/_package_Ptp.lisp
Symlinking /home/norco/Desktop/lawnwomer_ws/devel/share/common-lisp/ros/hesai_ros_driver/msg/_package_UdpPacket.lisp
Symlinking /home/norco/Desktop/lawnwomer_ws/devel/share/common-lisp/ros/hesai_ros_driver/msg/LossPacket.lisp
Symlinking /home/norco/Desktop/lawnwomer_ws/devel/share/common-lisp/ros/hesai_ros_driver/msg/hesai_ros_driver-msg.asd
Symlinking /home/norco/Desktop/lawnwomer_ws/devel/share/common-lisp/ros/hesai_ros_driver/msg/Ptp.lisp
Symlinking /home/norco/Desktop/lawnwomer_ws/devel/share/common-lisp/ros/hesai_ros_driver/msg/_package_Firetime.lisp
Symlinking /home/norco/Desktop/lawnwomer_ws/devel/share/common-lisp/ros/hesai_ros_driver/msg/UdpFrame.lisp
Symlinking /home/norco/Desktop/lawnwomer_ws/devel/share/gennodejs/ros/hesai_ros_driver/_index.js
Symlinking /home/norco/Desktop/lawnwomer_ws/devel/share/gennodejs/ros/hesai_ros_driver/msg/UdpFrame.js
Symlinking /home/norco/Desktop/lawnwomer_ws/devel/share/gennodejs/ros/hesai_ros_driver/msg/Ptp.js
Symlinking /home/norco/Desktop/lawnwomer_ws/devel/share/gennodejs/ros/hesai_ros_driver/msg/LossPacket.js
Symlinking /home/norco/Desktop/lawnwomer_ws/devel/share/gennodejs/ros/hesai_ros_driver/msg/UdpPacket.js
Symlinking /home/norco/Desktop/lawnwomer_ws/devel/share/gennodejs/ros/hesai_ros_driver/msg/Firetime.js
Symlinking /home/norco/Desktop/lawnwomer_ws/devel/share/gennodejs/ros/hesai_ros_driver/msg/_index.js
Symlinking /home/norco/Desktop/lawnwomer_ws/devel/share/roseus/ros/hesai_ros_driver/manifest.l
Symlinking /home/norco/Desktop/lawnwomer_ws/devel/share/roseus/ros/hesai_ros_driver/msg/LossPacket.l
Symlinking /home/norco/Desktop/lawnwomer_ws/devel/share/roseus/ros/hesai_ros_driver/msg/Firetime.l
Symlinking /home/norco/Desktop/lawnwomer_ws/devel/share/roseus/ros/hesai_ros_driver/msg/UdpFrame.l
Symlinking /home/norco/Desktop/lawnwomer_ws/devel/share/roseus/ros/hesai_ros_driver/msg/Ptp.l
Symlinking /home/norco/Desktop/lawnwomer_ws/devel/share/roseus/ros/hesai_ros_driver/msg/UdpPacket.l
Symlinking /home/norco/Desktop/lawnwomer_ws/devel/include/hesai_ros_driver/Firetime.h
Symlinking /home/norco/Desktop/lawnwomer_ws/devel/include/hesai_ros_driver/UdpPacket.h
Symlinking /home/norco/Desktop/lawnwomer_ws/devel/include/hesai_ros_driver/Ptp.h
Symlinking /home/norco/Desktop/lawnwomer_ws/devel/include/hesai_ros_driver/LossPacket.h
Symlinking /home/norco/Desktop/lawnwomer_ws/devel/include/hesai_ros_driver/UdpFrame.h
