[  3%] Built target log_lib
[  3%] Built target std_msgs_generate_messages_cpp
[  3%] Built target _hesai_ros_driver_generate_messages_check_deps_UdpFrame
[  3%] Built target _hesai_ros_driver_generate_messages_check_deps_LossPacket
[  3%] Built target _hesai_ros_driver_generate_messages_check_deps_UdpPacket
[  3%] Built target _hesai_ros_driver_generate_messages_check_deps_Ptp
[  3%] Built target _hesai_ros_driver_generate_messages_check_deps_Firetime
[  3%] Built target std_msgs_generate_messages_eus
[  3%] Built target std_msgs_generate_messages_lisp
[  3%] Built target std_msgs_generate_messages_py
[  3%] Built target std_msgs_generate_messages_nodejs
[  9%] Built target platutils_lib
[ 18%] Built target hesai_ros_driver_generate_messages_cpp
[ 30%] Built target hesai_ros_driver_generate_messages_eus
[ 39%] Built target hesai_ros_driver_generate_messages_lisp
[ 50%] Built target hesai_ros_driver_generate_messages_py
[ 60%] Built target hesai_ros_driver_generate_messages_nodejs
[ 64%] Built target udpParser_lib
[ 73%] Built target source_lib
[ 86%] Built target ptcClient_lib
[ 86%] Built target hesai_ros_driver_generate_messages
[ 90%] Built target lidar_lib
[ 94%] Built target hesai_sdk_lib
[ 96%] [32mBuilding CXX object CMakeFiles/hesai_ros_driver_node.dir/node/hesai_ros_driver_node.cc.o[0m
[ 98%] [32mBuilding CXX object CMakeFiles/hesai_ros_driver_node.dir/src/manager/node_manager.cc.o[0m
[100%] [32m[1mLinking CXX executable /home/norco/Desktop/lawnwomer_ws/devel/.private/hesai_ros_driver/lib/hesai_ros_driver/hesai_ros_driver_node[0m
[100%] Built target hesai_ros_driver_node
