[  0%] Built target copy_orbbec_files
[  0%] Built target _orbbec_camera_generate_messages_check_deps_SetBool
[  0%] Built target _orbbec_camera_generate_messages_check_deps_SetArrays
[  0%] Built target _orbbec_camera_generate_messages_check_deps_SetString
[  0%] Built target _orbbec_camera_generate_messages_check_deps_GetCameraInfo
[  0%] Built target _orbbec_camera_generate_messages_check_deps_IMUInfo
[  0%] Built target _orbbec_camera_generate_messages_check_deps_GetString
[  0%] Built target _orbbec_camera_generate_messages_check_deps_Extrinsics
[  0%] Built target _orbbec_camera_generate_messages_check_deps_DeviceStatus
[  0%] Built target _orbbec_camera_generate_messages_check_deps_GetCameraParams
[  0%] Built target std_msgs_generate_messages_cpp
[  0%] Built target _orbbec_camera_generate_messages_check_deps_GetBool
[  0%] Built target _orbbec_camera_generate_messages_check_deps_SetFilter
[  0%] Built target _orbbec_camera_generate_messages_check_deps_SetInt32
[  0%] Built target _orbbec_camera_generate_messages_check_deps_DeviceInfo
[  0%] Built target sensor_msgs_generate_messages_cpp
[  0%] Built target _orbbec_camera_generate_messages_check_deps_GetDeviceInfo
[  0%] Built target _orbbec_camera_generate_messages_check_deps_Metadata
[  0%] Built target _orbbec_camera_generate_messages_check_deps_GetInt32
[  0%] Built target sensor_msgs_generate_messages_py
[  0%] Built target std_msgs_generate_messages_py
[  0%] Built target std_msgs_generate_messages_nodejs
[  0%] Built target sensor_msgs_generate_messages_nodejs
[  0%] Built target sensor_msgs_generate_messages_lisp
[  0%] Built target std_msgs_generate_messages_lisp
[  0%] Built target std_msgs_generate_messages_eus
[  0%] Built target sensor_msgs_generate_messages_eus
[ 13%] Built target orbbec_camera_generate_messages_cpp
[ 28%] Built target orbbec_camera_generate_messages_py
[ 42%] Built target orbbec_camera_generate_messages_nodejs
[ 56%] Built target orbbec_camera_generate_messages_lisp
[ 70%] Built target orbbec_camera_generate_messages_eus
[ 70%] [32mBuilding CXX object CMakeFiles/orbbec_camera_nodelet.dir/src/d2c_viewer.cpp.o[0m
[ 71%] [32mBuilding CXX object CMakeFiles/orbbec_camera.dir/src/d2c_viewer.cpp.o[0m
[ 72%] [32mBuilding CXX object CMakeFiles/orbbec_camera_nodelet.dir/src/ob_camera_node.cpp.o[0m
[ 72%] Built target orbbec_camera_generate_messages
[ 73%] [32mBuilding CXX object CMakeFiles/orbbec_camera.dir/src/ob_camera_node.cpp.o[0m
[ 74%] [32mBuilding CXX object CMakeFiles/orbbec_camera.dir/src/ob_lidar_node.cpp.o[0m
[ 74%] [32mBuilding CXX object CMakeFiles/orbbec_camera.dir/src/ob_camera_node_driver.cpp.o[0m
[ 75%] [32mBuilding CXX object CMakeFiles/orbbec_camera_nodelet.dir/src/ob_lidar_node.cpp.o[0m
[ 76%] [32mBuilding CXX object CMakeFiles/orbbec_camera.dir/src/ros_sensor.cpp.o[0m
[ 77%] [32mBuilding CXX object CMakeFiles/orbbec_camera_nodelet.dir/src/ob_camera_node_driver.cpp.o[0m
[ 78%] [32mBuilding CXX object CMakeFiles/orbbec_camera_nodelet.dir/src/ros_sensor.cpp.o[0m
[ 79%] [32mBuilding CXX object CMakeFiles/orbbec_camera.dir/src/ros_service.cpp.o[0m
[ 79%] [32mBuilding CXX object CMakeFiles/orbbec_camera_nodelet.dir/src/ros_service.cpp.o[0m
[ 80%] [32mBuilding CXX object CMakeFiles/orbbec_camera.dir/src/utils.cpp.o[0m
[ 81%] [32mBuilding CXX object CMakeFiles/orbbec_camera.dir/src/ros_setup.cpp.o[0m
[ 81%] [32mBuilding CXX object CMakeFiles/orbbec_camera.dir/src/jpeg_decoder.cpp.o[0m
[ 82%] [32mBuilding CXX object CMakeFiles/orbbec_camera_nodelet.dir/src/utils.cpp.o[0m
[ 84%] [32mBuilding CXX object CMakeFiles/orbbec_camera_nodelet.dir/src/ros_setup.cpp.o[0m
[ 85%] [32mBuilding CXX object CMakeFiles/orbbec_camera_nodelet.dir/src/jpeg_decoder.cpp.o[0m
[ 86%] [32mBuilding CXX object CMakeFiles/orbbec_camera_nodelet.dir/src/ros_nodelet.cpp.o[0m
[ 87%] [32m[1mLinking CXX shared library /home/norco/Desktop/lawnwomer_ws/devel/.private/orbbec_camera/lib/liborbbec_camera.so[0m
/usr/bin/ld: cannot find -lOrbbecSDK
collect2: error: ld returned 1 exit status
make[2]: *** [CMakeFiles/orbbec_camera.dir/build.make:342: /home/norco/Desktop/lawnwomer_ws/devel/.private/orbbec_camera/lib/liborbbec_camera.so] Error 1
make[1]: *** [CMakeFiles/Makefile2:387: CMakeFiles/orbbec_camera.dir/all] Error 2
make[1]: *** Waiting for unfinished jobs....
[ 87%] [32m[1mLinking CXX shared library /home/norco/Desktop/lawnwomer_ws/devel/.private/orbbec_camera/lib/liborbbec_camera_nodelet.so[0m
/usr/bin/ld: cannot find -lOrbbecSDK
collect2: error: ld returned 1 exit status
make[2]: *** [CMakeFiles/orbbec_camera_nodelet.dir/build.make:357: /home/norco/Desktop/lawnwomer_ws/devel/.private/orbbec_camera/lib/liborbbec_camera_nodelet.so] Error 1
make[1]: *** [CMakeFiles/Makefile2:360: CMakeFiles/orbbec_camera_nodelet.dir/all] Error 2
make: *** [Makefile:141: all] Error 2
